Rio_readlineb error: Connection reset by peer
Rio_readlineb error: Connection reset by peer
Rio_readlineb error: Connection reset by peer
